// Jest Snapshot v1, https://goo.gl/fbAQLP

exports[`tokens Placeholder 1`] = `
Array [
  "
  background-color: white;
",
]
`;
