// Jest Snapshot v1, https://goo.gl/fbAQLP

exports[`App component component matches snapshot 1`] = `
<styled.div>
  <styled.div>
    <PostComment />
    <Connect(Trends) />
  </styled.div>
  <Connect(AllComments) />
  <styled.div>
    <styled.button
      className="multiple-button"
      onClick={[Function]}
    >
      Use mock data
    </styled.button>
    <styled.button
      className="clear-button"
      onClick={[Function]}
    >
      Clear
    </styled.button>
  </styled.div>
</styled.div>
`;
